{
 "real": {
  "plain Jev": {
   "swap_gap_pts": 25.0,
   "twin_hidden_misfire": 0.13128125000000002,
   "trained_hidden_misfire": 0.07024999999999992,
   "bend": {
    "W1": {
     "rel_dist": 1.7737419708304913,
     "cos": 0.7157431308308949,
     "explained": 0.5122882293316116,
     "scale": 2.3462181562198925
    },
    "b1": {
     "rel_dist": 0.7978386022326779,
     "cos": 0.7698363663606839,
     "explained": 0.592648030971421,
     "scale": 1.2485789550246469
    },
    "W2": {
     "rel_dist": 2.834898062099204,
     "cos": -0.40031063139272016,
     "explained": 0.16024860160603827,
     "scale": 2.2823924129447795
    },
    "b2": {
     "rel_dist": 5.018398264192914,
     "cos": 0.9999999997823539,
     "explained": 0.9999999995647078,
     "scale": 6.018398264192914
    },
    "all": {
     "rel_dist": 1.775115032714515,
     "cos": 0.7144999615889034,
     "explained": 0.5105101951105444,
     "scale": 2.345923749106911
    }
   },
   "hidden_sign_disagreement_val": 0.298125
  },
  "8g B": {
   "swap_gap_pts": 25.0,
   "twin_hidden_misfire": 0.13128125000000002,
   "trained_hidden_misfire": 0.047374999999999945,
   "bend": {
    "W1": {
     "rel_dist": 1.369484015377369,
     "cos": 0.567765604756003,
     "explained": 0.3223577819439498,
     "scale": 1.6622263168503548
    },
    "b1": {
     "rel_dist": 1.7565193144356717,
     "cos": 0.5514524504096123,
     "explained": 0.30409980506276596,
     "scale": 2.097240245373805
    },
    "W2": {
     "rel_dist": 2.9053122874735733,
     "cos": -0.4204742703431021,
     "explained": 0.1767986120205641,
     "scale": 2.339532631779284
    },
    "b2": {
     "rel_dist": 4.058386078073337,
     "cos": 0.9999999997410478,
     "explained": 0.9999999994820956,
     "scale": 5.058386078073337
    },
    "all": {
     "rel_dist": 1.3723307427438591,
     "cos": 0.5661287676285556,
     "explained": 0.32050178153662706,
     "scale": 1.6633039810819688
    }
   },
   "hidden_sign_disagreement_val": 0.281
  },
  "8g C": {
   "swap_gap_pts": 17.6,
   "twin_hidden_misfire": 0.219375,
   "trained_hidden_misfire": 0.11006249999999995,
   "bend": {
    "W1": {
     "rel_dist": 1.3688910694501752,
     "cos": 0.5933597956876864,
     "explained": 0.3520758471385329,
     "scale": 1.7005809150486664
    },
    "b1": {
     "rel_dist": 1.3884553854896577,
     "cos": 0.6865088573927524,
     "explained": 0.4712944112787024,
     "scale": 1.8693456038581262
    },
    "W2": {
     "rel_dist": 3.5368387653863507,
     "cos": -0.34021926598609054,
     "explained": 0.11574914894811422,
     "scale": 3.0693228735519904
    },
    "b2": {
     "rel_dist": 3.363323626055065,
     "cos": 0.9999999996997976,
     "explained": 0.9999999993995952,
     "scale": 4.363323626055065
    },
    "all": {
     "rel_dist": 1.3732926592092367,
     "cos": 0.5912682160175059,
     "explained": 0.349598103272524,
     "scale": 1.702812561111531
    }
   },
   "hidden_sign_disagreement_val": 0.2345
  },
  "8g D": {
   "swap_gap_pts": 17.9,
   "twin_hidden_misfire": 0.2215625,
   "trained_hidden_misfire": 0.10993750000000002,
   "bend": {
    "W1": {
     "rel_dist": 1.3480102063825852,
     "cos": 0.5907443227045325,
     "explained": 0.3489788548076368,
     "scale": 1.6706102270275
    },
    "b1": {
     "rel_dist": 1.3426812740102452,
     "cos": 0.7213898079316051,
     "explained": 0.5204032549875981,
     "scale": 1.8716924892207443
    },
    "W2": {
     "rel_dist": 3.364597054518663,
     "cos": -0.35479756959794617,
     "explained": 0.12588131539260947,
     "scale": 2.8772907111682757
    },
    "b2": {
     "rel_dist": 3.4279238850692244,
     "cos": 0.9999999997041773,
     "explained": 0.9999999994083546,
     "scale": 4.427923885069224
    },
    "all": {
     "rel_dist": 1.351999475904584,
     "cos": 0.5887711607777021,
     "explained": 0.34665147976352273,
     "scale": 1.6725396151118352
    }
   },
   "hidden_sign_disagreement_val": 0.234
  },
  "8g E": {
   "swap_gap_pts": 4.6,
   "twin_hidden_misfire": 0.08574999999999999,
   "trained_hidden_misfire": 0.039718750000000025,
   "bend": {
    "W1": {
     "rel_dist": 1.130690967367474,
     "cos": 0.6462579648392492,
     "explained": 0.4176493571181683,
     "scale": 1.4805908844849787
    },
    "b1": {
     "rel_dist": 1.103394355811163,
     "cos": 0.8128779475281839,
     "explained": 0.6607705575776328,
     "scale": 1.7500277018530486
    },
    "W2": {
     "rel_dist": 2.1565833428422,
     "cos": -0.30734819071496233,
     "explained": 0.09446291033576086,
     "scale": 1.627933345640545
    },
    "b2": {
     "rel_dist": 1.9680996757309523,
     "cos": 0.9999999995586805,
     "explained": 0.9999999991173609,
     "scale": 2.9680996757309526
    },
    "all": {
     "rel_dist": 1.1323719682519522,
     "cos": 0.6451220267205502,
     "explained": 0.41618242936003025,
     "scale": 1.4808544622780286
    }
   },
   "hidden_sign_disagreement_val": 0.19025
  },
  "9c laya-hidden": {
   "swap_gap_pts": 42.8,
   "twin_hidden_misfire": 0.6506875,
   "trained_hidden_misfire": null,
   "bend": {
    "W1": {
     "rel_dist": 1.621831051563315,
     "cos": 0.2750784359296457,
     "explained": 0.0756681459135002,
     "scale": 1.5812193570129989
    },
    "b1": {
     "rel_dist": 2.379221891142226,
     "cos": 0.5191052084183126,
     "explained": 0.2694702174070198,
     "scale": 2.73950315128996
    },
    "W2": {
     "rel_dist": 3.8700875189271824,
     "cos": -0.42418302032537586,
     "explained": 0.17993123473235823,
     "scale": 3.3384634736846595
    },
    "b2": {
     "rel_dist": 2.057342667386485,
     "cos": 0.9999999995715625,
     "explained": 0.999999999143125,
     "scale": 3.057342667386485
    },
    "all": {
     "rel_dist": 1.6263974066099665,
     "cos": 0.27332254118575366,
     "explained": 0.07470521152023801,
     "scale": 1.5847621073678422
    }
   },
   "hidden_sign_disagreement_val": 0.263125
  },
  "9c all-laya": {
   "swap_gap_pts": 42.8,
   "twin_hidd
~/code/jevrons/docs/figures/stage6c-bend.png
