{
 "output_layer": {
  "s5 3v8 jev": {
   "mean_extra_p_on_negative": 0.27208842350203605,
   "mean_extra_p_on_positive": -0.1709500337609723,
   "output_sum_shift_mean": [
    -0.402
   ],
   "output_sum_shift_in_spreads": [
    -0.254
   ],
   "db2": [
    -0.166
   ],
   "b2": [
    -0.166
   ],
   "shift_cancelled_by_db2": [
    -0.413
   ],
   "output_decision_flip_rate_from_hidden_answers": 0.014
  },
  "s5 3v8 swap": {
   "mean_extra_p_on_negative": 0.31633452459324746,
   "mean_extra_p_on_positive": -0.26982485559903113,
   "output_sum_shift_mean": [
    0.16
   ],
   "output_sum_shift_in_spreads": [
    0.661
   ],
   "db2": [
    -0.028
   ],
   "b2": [
    -0.028
   ],
   "shift_cancelled_by_db2": [
    0.172
   ],
   "output_decision_flip_rate_from_hidden_answers": 0.206
  },
  "s5 0v1 jev": {
   "mean_extra_p_on_negative": 0.12226654950205039,
   "mean_extra_p_on_positive": -0.07540187541862024,
   "output_sum_shift_mean": [
    0.203
   ],
   "output_sum_shift_in_spreads": [
    -0.005
   ],
   "db2": [
    -0.235
   ],
   "b2": [
    -0.235
   ],
   "shift_cancelled_by_db2": [
    1.16
   ],
   "output_decision_flip_rate_from_hidden_answers": 0.002
  },
  "s5 0v1 swap": {
   "mean_extra_p_on_negative": 0.2080728662146163,
   "mean_extra_p_on_positive": -0.18523699508123415,
   "output_sum_shift_mean": [
    0.091
   ],
   "output_sum_shift_in_spreads": [
    0.821
   ],
   "db2": [
    0.018
   ],
   "b2": [
    0.018
   ],
   "shift_cancelled_by_db2": [
    -0.197
   ],
   "output_decision_flip_rate_from_hidden_answers": 0.24
  },
  "s6 seed0 jev": {
   "mean_extra_p_on_negative": 0.34186096718480136,
   "mean_extra_p_on_positive": -0.1997801590808661,
   "output_sum_shift_mean": [
    -3.334,
    -1.792,
    -0.395,
    -2.904,
    -0.839,
    -2.328,
    -0.303,
    -1.381,
    -1.208,
    -0.455
   ],
   "output_sum_shift_in_spreads": [
    -0.51,
    -0.333,
    -0.199,
    -0.392,
    -0.309,
    -0.508,
    -0.219,
    -0.433,
    -0.325,
    -0.442
   ],
   "db2": [
    -1.786,
    -1.13,
    -0.957,
    -0.934,
    -1.106,
    -1.123,
    -1.174,
    -0.997,
    -1.129,
    -0.745
   ],
   "b2": [
    -1.786,
    -1.13,
    -0.957,
    -0.934,
    -1.106,
    -1.123,
    -1.174,
    -0.997,
    -1.129,
    -0.745
   ],
   "shift_cancelled_by_db2": [
    -0.536,
    -0.631,
    -2.425,
    -0.322,
    -1.318,
    -0.482,
    -3.872,
    -0.722,
    -0.934,
    -1.639
   ],
   "output_decision_flip_rate_from_hidden_answers": 0.1192
  },
  "s6 seed0 swap": {
   "mean_extra_p_on_negative": 0.3279524119341946,
   "mean_extra_p_on_positive": -0.262482350696432,
   "output_sum_shift_mean": [
    -0.396,
    -0.33,
    0.021,
    -0.491,
    -0.213,
    -0.11,
    -0.173,
    -0.164,
    -0.304,
    -0.151
   ],
   "output_sum_shift_in_spreads": [
    -0.943,
    -0.568,
    -0.423,
    -1.252,
    -0.574,
    -0.515,
    -0.469,
    -0.553,
    -1.1,
    -0.66
   ],
   "db2": [
    -0.139,
    -0.235,
    -0.126,
    -0.124,
    -0.15,
    -0.129,
    -0.132,
    -0.105,
    -0.078,
    -0.135
   ],
   "b2": [
    -0.139,
    -0.235,
    -0.126,
    -0.124,
    -0.15,
    -0.129,
    -0.132,
    -0.105,
    -0.078,
    -0.135
   ],
   "shift_cancelled_by_db2": [
    -0.35,
    -0.711,
    5.922,
    -0.253,
    -0.704,
    -1.171,
    -0.759,
    -0.645,
    -0.257,
    -0.894
   ],
   "output_decision_flip_rate_from_hidden_answers": 0.0896
  },
  "s6 seed1 jev": {
   "mean_extra_p_on_negative": 0.3475393399248016,
   "mean_extra_p_on_positive": -0.19707563215784102,
   "output_sum_shift_mean": [
    -2.808,
    -3.604,
    -0.897,
    -3.504,
    -0.853,
    -2.297,
    -3.289,
    -0.877,
    -1.019,
    -0.367
   ],
   "output_sum_shift_in_spreads": [
    -0.448,
    -0.391,
    -0.227,
    -0.588,
    -0.333,
    -0.442,
    -0.392,
    -0.311,
    -0.299,
    -0.353
   ],
   "db2": [
    -1.268,
    -0.642,
    -0.873,
    -1.061,
    -1.339,
    -1.006,
    -1.094,
    -1.129,
    -0.855,
    -0.888
   ],
   "b2": [
    -1.268,
    -0.642,
    -0.873,
    -1.061,
    -1.339,
    -1.006,
    -1.094,
    -1.129,
    -0.855,
    -0.888
   ],
   "shift_cancelled_by_db2": [
    -0.451,
    -0.178,
    -0.973,
    -0.303,
    -1.57,
    -0.438,
    -0.333,
    -1.287,
    -0.839,
    -2.423
   ],
   "output_decision_flip_rate_from_hidden_answers": 0.1044
  },
  "s6 seed1 swap": {
   "mean_extra_p_on_negative": 0.3112903494870298,
   "mean_extra_p_on_positive": -0.2724308152580404,
   "output_sum_shift_mean": [
    -0.308,
    -0.228,
    -0.208,
    -0.599,
    -0.217,
    -0.206,
    -0.424,
    -0.259,
    -0.313,
    -0.164
   ],
   "output_sum_shift_in_spreads": [
    -1.073,
    -0.439,
    -0.723,
    -1.138,
    -0.835,
    -0.862,
    -1.089,
    -0.777,
    -1.917,
    -0.644
   ],
   "db2": [
    -0.145,
    -0.304,
    -0.122,
    -0.028,
    -0.122,
    -0.144,
    -0.133,
    -0.197,
    -0.054,
    -0.13
   ],
   "b2": [
    -0.145,
    -0.304,
    -0.122,
    -0.028,
    -0.122,
    -0.144,
    -0.133,
    -0.197,
    -0.054,
    -0.13
   ],
   "shift_cancelled_by_db2": [
    -0.473,
    -1.332,
    -0.59,
    -0.047,
    -0.562,
    -0.7,
    -0.314,
    -0.762,
    -0.173,
    -0.79
   ],
   "output_decision_flip_rate_from_hidden_answers": 0.099
  },
  "s6 seed2 jev": {
   "mean_extra_p_on_negative": 0.3468426674805432,
   "mean_extra_p_on_positive": -0.19719487668042765,
   "output_sum_shift_mean": [
    -2.643,
    -2.167,
    -0.837,
    -1.62,
    -0.483,
    -2.122,
    -2.014,
    1.671,
    -1.986,
    0.616
   ],
   "output_sum_shift_in_spreads": [
    -0.507,
    -0.332,
    -0.361,
    -0.419,
    -0.356,
    -0.474,
    -0.409,
    -0.231,
    -0.485,
    -0.344
   ],
   "db2": [
    -1.323,
    -1.35,
    -1.013,
    -1.301,
    -0.983,
    -1.086,
    -1.461,
    -1.521,
    -1.101,
    -0.885
   ],
   "b2": [
    -1.323,
    -1.35,
    -1.013,
    -1.301,
    -0.983,
    -1.086,
    -1.461,
    -1.521,
    -1.101,
    -0.885
   ],
   "shift
/Users/raj.joshi/code/jevrons/docs/figures/stage6c-lean.png
{
 "trough": {
  "s5 3v8": {
   "jev": [
    {
     "terms": [
      77,
      155
     ],
     "median_terms": 139.0,
     "trough_m": -0.2799999999999998,
     "ci95": [
      -0.3599999999999999,
      0.09099999999999953
     ],
     "margin_probe_m0": -0.5450611911138132
    },
    {
     "terms": [
      155,
      181
     ],
     "median_terms": 168.0,
     "trough_m": 0.30000000000000027,
     "ci95": [
      -0.41999999999999993,
      0.43999999999999995
     ],
     "margin_probe_m0": -0.7109269778515644
    },
    {
     "terms": [
      181,
      293
     ],
     "median_terms": 200.0,
     "trough_m": -0.08999999999999986,
     "ci95": [
      -0.19524999999999984,
      0.4700000000000002
     ],
     "margin_probe_m0": -0.8815853973131623
    }
   ],
   "swap": [
    {
     "terms": [
      77,
      155
     ],
     "median_terms": 139.0,
     "trough_m": null
    },
    {
     "terms": [
      155,
      181
     ],
     "median_terms": 168.0,
     "trough_m": null
    },
    {
     "terms": [
      181,
      293
     ],
     "median_terms": 200.0,
     "trough_m": null
    }
   ]
  },
  "s6 seed0": {
   "jev": [
    {
     "terms": [
      48,
      135
     ],
     "median_terms": 113.0,
     "trough_m": -0.10000000000000009,
     "ci95": [
      -0.18999999999999995,
      -0.014749999999999982
     ],
     "margin_probe_m0": -0.3956801359596538
    },
    {
     "terms": [
      135,
      167
     ],
     "median_terms": 151.0,
     "trough_m": -0.1499999999999999,
     "ci95": [
      -0.24574999999999989,
      -0.05475000000000002
     ],
     "margin_probe_m0": -0.606503728874917
    },
    {
     "terms": [
      167,
      282
     ],
     "median_terms": 190.0,
     "trough_m": -0.1200000000000001,
     "ci95": [
      -0.28524999999999995,
      0.005749999999999854
     ],
     "margin_probe_m0": -0.8313791312204422
    }
   ],
   "swap": [
    {
     "terms": [
      48,
      135
     ],
     "median_terms": 113.0,
     "trough_m": null
    },
    {
     "terms": [
      135,
      167
     ],
     "median_terms": 151.0,
     "trough_m": null
    },
    {
     "terms": [
      167,
      282
     ],
     "median_terms": 190.0,
     "trough_m": null
    }
   ]
  },
  "s6 seed1": {
   "jev": [
    {
     "terms": [
      48,
      135
     ],
     "median_terms": 113.0,
     "trough_m": -0.10999999999999988,
     "ci95": [
      -0.25,
      0.1757499999999998
     ],
     "margin_probe_m0": -0.3956801359596538
    },
    {
     "terms": [
      135,
      167
     ],
     "median_terms": 151.0,
     "trough_m": 0.050000000000000266,
     "ci95": [
      -0.06524999999999995,
      0.15049999999999997
     ],
     "margin_probe_m0": -0.606503728874917
    },
    {
     "terms": [
      167,
      282
     ],
     "median_terms": 190.0,
     "trough_m": -0.25,
     "ci95": [
      -0.3704999999999999,
      0.20574999999999982
     ],
     "margin_probe_m0": -0.8313791312204422
    }
   ],
   "swap": [
    {
     "terms": [
      48,
      135
     ],
     "median_terms": 113.0,
     "trough_m": null
    },
    {
     "terms": [
      135,
      167
     ],
     "median_terms": 151.0,
     "trough_m": null
    },
    {
     "terms": [
      167,
      282
     ],
     "median_terms": 190.0,
     "trough_m": null
    }
   ]
  },
  "s6 seed2": {
   "jev": [
    {
     "terms": [
      48,
      135
     ],
     "median_terms": 113.0,
     "trough_m": -0.1200000000000001,
     "ci95": [
      -0.19999999999999973,
      0.16074999999999806
     ],
     "margin_probe_m0": -0.3956801359596538
    },
    {
     "terms": [
      135,
      167
     ],
     "median_terms": 151.0,
     "trough_m": -0.06999999999999984,
     "ci95": [
      -0.3405000000000001,
      0.04050000000000009
     ],
     "margin_probe_m0": -0.606503728874917
    },
    {
     "terms": [
      167,
      282
     ],
     "median_terms": 190.0,
     "trough_m": -0.16999999999999993,
     "ci95": [
      -0.31999999999999984,
      -0.019000000000000357
     ],
     "margin_probe_m0": -0.8313791312204422
    }
   ],
   "swap": [
    {
     "terms": [
      48,
      135
     ],
     "median_terms": 113.0,
     "trough_m": null
    },
    {
     "terms": [
      135,
      167
     ],
     "median_terms": 151.0,
     "trough_m": null
    },
    {
     "terms": [
      167,
      282
     ],
     "median_terms": 190.0,
     "trough_m": null
    }
   ]
  }
 },
 "likelihood": {
  "s5 3v8": {
   "jev": {
    "best_k": 0.75,
    "best_m0": -1.9,
    "best_m0_at_each_k": {
     "0.75": -1.9,
     "1.0": -1.8,
     "1.5": -1.6,
     "2.0": -1.6,
     "3.0": -1.5,
     "5.0": -1.3,
     "10.0": -1.2
    },
    "loss_at_best": 0.10091196231577197,
    "grid_m0": [
     -3.0,
     -2.9,
     -2.8,
     -2.7,
     -2.6,
     -2.5,
     -2.4,
     -2.3,
     -2.2,
     -2.1,
     -2.0,
     -1.9,
     -1.8,
     -1.7,
     -1.6,
     -1.5,
     -1.4,
     -1.3,
     -1.2,
     -1.1,
     -1.0,
     -0.9,
     -0.8,
     -0.7,
     -0.6,
     -0.5,
     -0.4,
     -0.3,
     -0.2,
     -0.1,
     0.0,
     0.1,
     0.2,
     0.3,
     0.4,
     0.5,
     0.6,
     0.7,
     0.8,
     0.9,
     1.0
    ],
    "grid_k": [
     0.75,
     1.0,
     1.5,
     2.0,
     3.0,
     5.0,
     10.0
    ],
    "loss": [
     [
      0.1446,
      0.136,
      0.1287,
      0.1228,
      0.1184,
      0.1149,
      0.1111,
      0.1073,
      0.1043,
      0.1023,
      0.1013,
      0.1009,
      0.1014,
      0.1026,
      0.1044,
      0.107,
      0.1096,
      0.1116,
      0.114,
      0.1168,
      0.1199,
      0.1227,
      0.1242,
      0.1259,
      0.1276,
      0.1285,
      0.1296,
      0.1307,
      0.1318,
      0.1328,
      0.1332,
      0.1336,
      0.134,
      0.1343,
      0.1347,
      0.135,
      0.1353,
      0.1354,
      0.1356,
      0.1356,
      0.1355
     ],
     [
      0.1861,
      0.1722,
      0.1599,
      0.1493,
      0.1404,
      0.1333,
      0.1266,
      0.1196,
  
/Users/raj.joshi/code/jevrons/docs/figures/stage6c-readoff.png
