real states: 410632 train, 47326 test
eval {'step': 0, 'elapsed_s': 11, 'acc_s10': 0.56, 'acc_s30': 0.43, 'acc_s75': 0.43, 'acc_real': 0.21, 'real_mae_vs_jev': 0.7006524257938067}
~/code/jevrons/laya/train.py:146: UserWarning: Converting a tensor with requires_grad=True to a scalar may lead to unexpected behavior.
Consider using tensor.detach() first. (Triggered internally at /Users/runner/work/pytorch/pytorch/torch/csrc/autograd/generated/python_variable_methods.cpp:821.)
  log.write(json.dumps({"step": step, "loss": round(float(loss), 5), "acc": acc, "lr": sched.get_last_lr()[0],
step 50 loss 0.5228 140s peak 14.1 GB
step 100 loss 0.1095 257s peak 15.2 GB
step 150 loss 0.3136 377s peak 16.3 GB
step 200 loss 0.0057 494s peak 17.3 GB
step 250 loss 0.1471 611s peak 17.3 GB
eval {'step': 250, 'elapsed_s': 621, 'acc_s10': 0.91, 'acc_s30': 0.9, 'acc_s75': 0.92, 'acc_real': 0.9366666666666666, 'real_mae_vs_jev': 0.1258457074162861}
step 300 loss 0.0590 731s peak 17.6 GB
step 350 loss 0.1380 847s peak 17.6 GB
step 400 loss 0.0383 963s peak 17.6 GB
step 450 loss 0.0170 1081s peak 17.6 GB
step 500 loss 0.0883 1205s peak 17.6 GB
eval {'step': 500, 'elapsed_s': 1216, 'acc_s10': 0.97, 'acc_s30': 0.92, 'acc_s75': 0.92, 'acc_real': 0.9533333333333334, 'real_mae_vs_jev': 0.12356155967339814}
step 550 loss 0.0554 1369s peak 17.6 GB
step 600 loss 0.2004 1584s peak 17.6 GB
step 650 loss 0.3235 1838s peak 17.6 GB
step 700 loss 0.2203 2114s peak 17.6 GB
step 750 loss 0.0143 2330s peak 17.6 GB
eval {'step': 750, 'elapsed_s': 2340, 'acc_s10': 0.98, 'acc_s30': 0.95, 'acc_s75': 0.93, 'acc_real': 0.9666666666666667, 'real_mae_vs_jev': 0.13319712022576083}
step 800 loss 0.0020 2457s peak 17.7 GB
step 850 loss 0.0052 2574s peak 19.5 GB
step 900 loss 0.0037 2692s peak 19.5 GB
step 950 loss 0.0030 2807s peak 19.5 GB
step 1000 loss 0.3076 2925s peak 19.5 GB
eval {'step': 1000, 'elapsed_s': 2935, 'acc_s10': 0.98, 'acc_s30': 0.98, 'acc_s75': 0.94, 'acc_real': 0.9733333333333334, 'real_mae_vs_jev': 0.1327087471630376}
{'steps': 1000, 'train_s': 2936, 'peak_mps_gb': 19.52}
