real states: 410632 train, 47326 test
eval {'step': 0, 'elapsed_s': 18, 'acc_s10': 0.56, 'acc_s30': 0.43, 'acc_s75': 0.43, 'acc_real': 0.21, 'real_mae_vs_jev': 0.7006524257938067}
/Users/raj.joshi/code/jevrons/laya/train.py:146: UserWarning: Converting a tensor with requires_grad=True to a scalar may lead to unexpected behavior.
Consider using tensor.detach() first. (Triggered internally at /Users/runner/work/pytorch/pytorch/torch/csrc/autograd/generated/python_variable_methods.cpp:821.)
  log.write(json.dumps({"step": step, "loss": round(float(loss), 5), "acc": acc, "lr": sched.get_last_lr()[0],
step 50 loss 0.3084 241s peak 14.1 GB
step 100 loss 0.2977 488s peak 15.2 GB
step 150 loss 0.3512 752s peak 15.2 GB
step 200 loss 0.2550 972s peak 17.3 GB
step 250 loss 0.6568 1191s peak 17.3 GB
eval {'step': 250, 'elapsed_s': 1216, 'acc_s10': 0.84, 'acc_s30': 0.82, 'acc_s75': 0.8, 'acc_real': 0.89, 'real_mae_vs_jev': 0.1413107820702096}
step 300 loss 0.0246 1511s peak 17.4 GB
step 350 loss 0.3107 1761s peak 17.4 GB
step 400 loss 0.2513 1867s peak 17.4 GB
step 450 loss 0.0048 1958s peak 17.4 GB
step 500 loss 0.0642 2050s peak 17.4 GB
eval {'step': 500, 'elapsed_s': 2058, 'acc_s10': 0.96, 'acc_s30': 0.97, 'acc_s75': 0.89, 'acc_real': 0.9533333333333334, 'real_mae_vs_jev': 0.13707318218913875}
step 550 loss 0.0331 2149s peak 17.7 GB
step 600 loss 0.2369 2237s peak 17.7 GB
step 650 loss 0.3066 2326s peak 17.7 GB
step 700 loss 0.1121 2419s peak 17.7 GB
step 750 loss 0.5002 2509s peak 17.7 GB
eval {'step': 750, 'elapsed_s': 2517, 'acc_s10': 0.96, 'acc_s30': 0.91, 'acc_s75': 0.88, 'acc_real': 0.95, 'real_mae_vs_jev': 0.13834863590582586}
step 800 loss 0.8574 2607s peak 17.7 GB
step 850 loss 0.0862 2697s peak 17.7 GB
step 900 loss 0.0100 2787s peak 17.7 GB
step 950 loss 0.5184 2878s peak 17.7 GB
step 1000 loss 0.2120 2968s peak 17.7 GB
eval {'step': 1000, 'elapsed_s': 2976, 'acc_s10': 0.96, 'acc_s30': 0.95, 'acc_s75': 0.9, 'acc_real': 0.98, 'real_mae_vs_jev': 0.13294048832487268}
step 1050 loss 0.1415 3068s peak 17.8 GB
step 1100 loss 0.1235 3157s peak 17.8 GB
step 1150 loss 0.1077 3248s peak 17.8 GB
step 1200 loss 0.1012 3338s peak 17.8 GB
step 1250 loss 0.0322 3430s peak 17.8 GB
eval {'step': 1250, 'elapsed_s': 3439, 'acc_s10': 0.94, 'acc_s30': 0.96, 'acc_s75': 0.94, 'acc_real': 0.9666666666666667, 'real_mae_vs_jev': 0.11945614464657846}
step 1300 loss 0.1351 3528s peak 17.8 GB
step 1350 loss 0.0113 3623s peak 17.8 GB
step 1400 loss 0.0419 3713s peak 17.8 GB
step 1450 loss 0.3295 3805s peak 17.8 GB
step 1500 loss 0.1113 3893s peak 17.8 GB
eval {'step': 1500, 'elapsed_s': 3902, 'acc_s10': 0.96, 'acc_s30': 0.98, 'acc_s75': 0.94, 'acc_real': 0.9766666666666667, 'real_mae_vs_jev': 0.13775726488512105}
step 1550 loss 0.0089 3993s peak 17.8 GB
step 1600 loss 0.2442 4083s peak 17.8 GB
step 1650 loss 0.0604 4172s peak 17.8 GB
step 1700 loss 1.0048 4266s peak 17.8 GB
step 1750 loss 0.0079 4356s peak 17.8 GB
eval {'step': 1750, 'elapsed_s': 4364, 'acc_s10': 0.97, 'acc_s30': 0.98, 'acc_s75': 0.95, 'acc_real': 0.9733333333333334, 'real_mae_vs_jev': 0.1284441362092417}
step 1800 loss 0.0056 4454s peak 17.8 GB
step 1850 loss 0.0035 4545s peak 17.8 GB
step 1900 loss 0.0029 4636s peak 17.8 GB
step 1950 loss 0.0386 4723s peak 17.8 GB
step 2000 loss 0.2920 4815s peak 17.8 GB
eval {'step': 2000, 'elapsed_s': 4824, 'acc_s10': 0.98, 'acc_s30': 0.96, 'acc_s75': 0.95, 'acc_real': 0.98, 'real_mae_vs_jev': 0.1344719688950133}
step 2050 loss 0.0084 4913s peak 17.8 GB
step 2100 loss 0.0164 5005s peak 17.8 GB
step 2150 loss 0.1862 5096s peak 17.8 GB
step 2200 loss 0.1348 5187s peak 17.8 GB
step 2250 loss 0.2170 5277s peak 17.8 GB
eval {'step': 2250, 'elapsed_s': 5285, 'acc_s10': 0.99, 'acc_s30': 0.98, 'acc_s75': 0.96, 'acc_real': 0.9866666666666667, 'real_mae_vs_jev': 0.13690937003927492}
step 2300 loss 0.0060 5374s peak 17.8 GB
step 2350 loss 0.0054 5468s peak 17.8 GB
step 2400 loss 0.0048 5557s peak 17.8 GB
step 2450 loss 0.0014 5648s peak 17.8 GB
step 2500 loss 0.0524 5738s peak 17.8 GB
eval {'step': 2500, 'elapsed_s': 5746, 'acc_s10': 0.98, 'acc_s30': 0.97, 'acc_s75': 0.96, 'acc_real': 0.9866666666666667, 'real_mae_vs_jev': 0.13888785651626143}
step 2550 loss 0.6158 5838s peak 17.8 GB
step 2600 loss 0.2693 5929s peak 17.8 GB
step 2650 loss 0.0002 6022s peak 17.8 GB
step 2700 loss 0.3720 6114s peak 17.8 GB
step 2750 loss 0.0032 6199s peak 17.8 GB
eval {'step': 2750, 'elapsed_s': 6208, 'acc_s10': 0.98, 'acc_s30': 0.97, 'acc_s75': 0.96, 'acc_real': 0.9933333333333333, 'real_mae_vs_jev': 0.1359520110794879}
step 2800 loss 0.0018 6300s peak 17.8 GB
step 2850 loss 0.0008 6393s peak 17.8 GB
step 2900 loss 0.0348 6485s peak 17.8 GB
step 2950 loss 0.3571 6576s peak 17.8 GB
step 3000 loss 0.0001 6666s peak 17.8 GB
eval {'step': 3000, 'elapsed_s': 6674, 'acc_s10': 0.99, 'acc_s30': 0.98, 'acc_s75': 0.96, 'acc_real': 0.9933333333333333, 'real_mae_vs_jev': 0.13598616912342115}
{'steps': 3000, 'train_s': 6675, 'peak_mps_gb': 17.81}
